// Jest Snapshot v1, https://goo.gl/fbAQLP

exports[`counter with OpenMetrics registry remove should throw error if label lengths does not match 1`] = `"Invalid number of arguments"`;

exports[`counter with OpenMetrics registry with params as object (BigInt) labels should throw error if label lengths does not match 1`] = `"Invalid number of arguments"`;

exports[`counter with OpenMetrics registry with params as object (BigInt) should not be possible to decrease a counter 1`] = `"It is not possible to decrease a counter"`;

exports[`counter with OpenMetrics registry with params as object (BigInt) should throw an error when mixing BigInt and Float values 1`] = `"The number 1.1 cannot be converted to a BigInt because it is not an integer"`;

exports[`counter with OpenMetrics registry with params as object (BigInt) should throw an error when mixing Float and BigInt values 1`] = `"The number 1.1 cannot be converted to a BigInt because it is not an integer"`;

exports[`counter with OpenMetrics registry with params as object (BigInt) should throw an error when the value is not a number 1`] = `"Value is not a valid number: 3ms"`;

exports[`counter with OpenMetrics registry with params as object labels should throw error if label lengths does not match 1`] = `"Invalid number of arguments"`;

exports[`counter with OpenMetrics registry with params as object should not be possible to decrease a counter 1`] = `"It is not possible to decrease a counter"`;

exports[`counter with OpenMetrics registry with params as object should throw an error when the value is not a number 1`] = `"Value is not a valid number: 3ms"`;

exports[`counter with Prometheus registry remove should throw error if label lengths does not match 1`] = `"Invalid number of arguments"`;

exports[`counter with Prometheus registry with params as object (BigInt) labels should throw error if label lengths does not match 1`] = `"Invalid number of arguments"`;

exports[`counter with Prometheus registry with params as object (BigInt) should not be possible to decrease a counter 1`] = `"It is not possible to decrease a counter"`;

exports[`counter with Prometheus registry with params as object (BigInt) should throw an error when mixing BigInt and Float values 1`] = `"The number 1.1 cannot be converted to a BigInt because it is not an integer"`;

exports[`counter with Prometheus registry with params as object (BigInt) should throw an error when mixing Float and BigInt values 1`] = `"The number 1.1 cannot be converted to a BigInt because it is not an integer"`;

exports[`counter with Prometheus registry with params as object (BigInt) should throw an error when the value is not a number 1`] = `"Value is not a valid number: 3ms"`;

exports[`counter with Prometheus registry with params as object labels should throw error if label lengths does not match 1`] = `"Invalid number of arguments"`;

exports[`counter with Prometheus registry with params as object should not be possible to decrease a counter 1`] = `"It is not possible to decrease a counter"`;

exports[`counter with Prometheus registry with params as object should throw an error when the value is not a number 1`] = `"Value is not a valid number: 3ms"`;
