// Jest Snapshot v1, https://goo.gl/fbAQLP

exports[`gauge with $tag registry global registry with parameters as object should not allow non numbers 1`] = `"Value is not a valid number: asd"`;

exports[`gauge with $tag registry global registry with parameters as object should not allow non numbers 2`] = `"Value is not a valid number: asd"`;
